// Jest Snapshot v1, https://goo.gl/fbAQLP

exports[`Button component test renders correctly 1`] = `
<View
  accessible={true}
  focusable={false}
  onClick={[Function]}
  onResponderGrant={[Function]}
  onResponderMove={[Function]}
  onResponderRelease={[Function]}
  onResponderTerminate={[Function]}
  onResponderTerminationRequest={[Function]}
  onStartShouldSetResponder={[Function]}
  style={
    Object {
      "alignItems": "center",
      "backgroundColor": "transparent",
      "borderRadius": 30,
      "margin": 8,
      "marginTop": 30,
      "opacity": 1,
      "padding": 15,
    }
  }
>
  <Text
    style={
      Array [
        Object {
          "color": "#F48D3B",
          "fontSize": 15,
          "fontWeight": "bold",
        },
      ]
    }
  />
</View>
`;
